ERROR: [error Syntax error]: Invalid character '@' in format specifier
     ╭──▶ test@1:23-1:24
     │
   1 │ "a {"b {"c {"d {"e {f:@}"}"}"}"}"}"
     •                       ┬ 
     •                       ╰╸ Invalid character '@' in format specifier
     •
     │ Note: Valid format specifiers use <, >, ^, +, -, #, 0, width, .precision, and type characters
     │ Hint: Use a format specifier, e.g. '{name:<18}'
─────╯
