ERROR: [error Syntax error]: Invalid character '@' in format specifier
     ╭──▶ test@1:11-1:12
     │
   1 │ "start {x:@} end"
     •           ┬ 
     •           ╰╸ Invalid character '@' in format specifier
     •
     │ Note: Valid format specifiers use <, >, ^, +, -, #, 0, width, .precision, and type characters
     │ Hint: Use a format specifier, e.g. '{name:<18}'
─────╯
