ERROR: [error Syntax error]: Empty expression in string interpolation
     ╭──▶ test@1:21-1:21
     │
   1 │ f"Empty expression {}"
     •                      
     •                     ╰╸ Empty expression in string interpolation
     •
     │ Hint: Add an expression between the braces, e.g. {name}
─────╯
