ERROR: [error Syntax error]: Missing expression before format specifier
     ╭──▶ test@1:23-1:23
     │
   1 │ f"Missing expression {:10}"
     •                        
     •                       ╰╸ Missing expression before format specifier
     •
     │ Hint: Add an expression before the colon, e.g. {value:10}
─────╯
