ERROR: [error Syntax error]: Expected digits after '.' in format specifier
     ╭──▶ test@1:38-1:38
     │
   1 │ f"Missing precision digits {value:10.}"
     •                                       
     •                                      ╰╸ Expected digits after '.' in format specifier
     •
     │ Hint: Add precision digits, e.g. .2f for 2 decimal places
─────╯
