ERROR: [error Syntax error]: Incomplete hex character
     ╭──▶ test@1:20-1:21
     │
   1 │ f"value: {x} and \x4"
     •                    ┬ 
     •                    ╰╸ Incomplete hex character
     •
     │ Note: Hex-escaped characters must be specified by two hexadecimal digits
     │ Hint: Use two characters, e.g. \x9a
─────╯
