ERROR: [error Syntax error]: Import statements must appear at the beginning of a module, preceded only by a possible docstring
     ╭──▶ test.act@3:1-3:7
     │
   3 │ import math
     • ┬───── 
     • ╰╸ Import statements must appear at the beginning of a module, preceded only by a possible docstring
     •
     │ Hint: Move all imports before the module's top-level definitions
─────╯
