ERROR: [error Syntax error]: Only declarations and assignments are allowed at the module top level
     ╭──▶ test.act@1:1-1:1
     │
   1 │ if True:
     •  
     • ╰╸ Only declarations and assignments are allowed at the module top level
     •
     │ Hint: Assign the value to a name or move runtime work into an actor or function
─────╯
