ERROR: [error Parse error]: unexpected "mat"
                     expecting "%=", "&=", "**=", "*=", "+=", "-=", "//=", "/=", "<<=", ">>=", "@=", "^=", "|=", ':', '=', call arguments, slice/index expression, or comma

     ╭──▶ test.act@2:8-2:9
     │
   2 │ import math
     •        ┬ 
     •        ╰╸ unexpected "mat"
     •           expecting "%=", "&=", "**=", "*=", "+=", "-=", "//=", "/=", "<<=", ">>=", "@=", "^=", "|=", ':', '=', call arguments, slice/index expression, or comma
     •           
─────╯
