ERROR: [error Syntax error]: Invalid character '@' in format specifier
     ╭──▶ test@2:11-2:12
     │
   2 │ Value: {x:@invalid}
     •           ┬ 
     •           ╰╸ Invalid character '@' in format specifier
     •
     │ Note: Valid format specifiers use <, >, ^, +, -, #, 0, width, .precision, and type characters
     │ Hint: Use a format specifier, e.g. '{name:<18}'
─────╯
