ERROR: [error Syntax error]: Missing closing '}' for expression
     ╭──▶ test@1:28-1:29
     │
   1 │ "level1 {"level2 {"level3 {x
     •                            ┬
     •                            ╰╸ Missing closing '}' for expression
     •
     │ Hint: Add a closing brace to complete the interpolation
─────╯
