ERROR: [error Syntax error]: Missing closing '}' for expression
     ╭──▶ test@1:21-1:25
     │
   1 │ """Unclosed brace: {name
     •                     ┬───
     •                     ╰╸ Missing closing '}' for expression
     •
     │ Hint: Add a closing brace to complete the interpolation
─────╯
