ERROR: [error Syntax error]: Invalid universal character name
     ╭──▶ test@1:4-1:12
     │
   1 │ "\U00110000"
     •    ┬─────── 
     •    ╰╸ Invalid universal character name
     •
     │ Note: U+110000 is not a valid Unicode character
     │ Note: Valid code points are U+0000 to U+10FFFF, excluding the surrogates U+D800 to U+DFFF
─────╯
