ERROR: [error Syntax error]: Unknown escape sequence
     ╭──▶ test@1:16-1:16
     │
   1 │ f"value: {x} \k"
     •                 
     •                ╰╸ Unknown escape sequence
     •
     │ Note: Valid escape sequences: \\, \", \', \n, \r, \t, \a, \b, \f, \v, \xHH, \ooo, \uHHHH, \UHHHHHHHH
─────╯
