Building file test/typeerrors/actor_self_reserved_method_param2.act using temporary scratch directory
[error Compilation error]: 'self' cannot be used as a parameter name in actors.
     +--> actor_self_reserved_method_param2.act@3:32-3:36
     |
   3 |         def test_method(first, self):
     :                                ^--- 
     :                                `- 'self' cannot be used as a parameter name in actors.
-----+
