Building file test/typeerrors/ex22.act using temporary scratch directory
[error]: Incompatible types
     +--> ex22.act@1:1-1:2
     |
   1 |    f : [A(Plus)] => (A) -> A
     :    ^ 
     :    `- keyword argument(s) 'y' is missing in call to f
     :
   3 | +> def f(x,y):
   4 | |>     return x
     : | 
     : `- f is defined here
-----+
