Building file test/typeerrors/ex25.act using temporary scratch directory
   ex25  Parse done                                                               0.000 s
[error]: Incompatible types
     +--> ex25.act@8:9-8:16
     |
   8 |         b.foo()
     :         ^------
     :         `- keyword component(s) 'cb' is missing in tuple
-----+
