Building file test/typeerrors/ex8.act using temporary scratch directory
   ex8  Parse done                                                            0.000 s
[error]: Constraint violation
     +--> ex8.act@3:14-3:15
     |
   3 |     for x in n:
     :              ^ 
     :              `- The type of the indicated expression (inferred to be __builtin__.int) must implement __builtin__.Iterable[_]
-----+
