Building file ../test/typeerrors/ex11.act
  Compiling ex11.act for release

ERROR: Error when compiling ex11 module: Type error

  |
4 |a = f([8])
  |    ^^^^^^
The type of f([8]) is not a subclass of __builtin__.str

- - - - - - - - - - - - - - - - - - - - - - - - - - - - - - - - - - - - - - - - 

