Building file test/syntaxerrors/err15.act using temporary scratch directory
[error Parse error]: unexpected '}'
                     expecting ':', call arguments, slice/index expression, closing ']', comma, digit, if clause, or operator

     +--> test/syntaxerrors/err15.act@4:17-4:18
     |
   4 |     return arr[0}
     :                 ^
     :                 `- unexpected '}'
     :                    expecting ':', call arguments, slice/index expression, closing ']', comma, digit, if clause, or operator
     :                    
-----+
