Building file test/syntaxerrors/err11.act using temporary scratch directory
[error Syntax error]: Missing closing "
     +--> test/syntaxerrors/err11.act@3:11-3:19
     |
   3 |     msg = "Hello, 
     :           ^-------
     :           `- Missing closing "
     :
     | Hint: Add a closing quote (") to match the opening one
-----+
