Building file test/syntaxerrors/err5.act using temporary scratch directory
[error Parse error]: unexpected 'r'
                     expecting call arguments, slice/index expression, closing ')', comma, if clause, or operator

     +--> test/syntaxerrors/err5.act@3:5-3:6
     |
   3 |     return x + y
     :     ^ 
     :     `- unexpected 'r'
     :        expecting call arguments, slice/index expression, closing ')', comma, if clause, or operator
     :        
-----+
