Building file test/syntaxerrors/err9.act using temporary scratch directory
[error Parse error]: unexpected newline
                     expecting "=>"

     +--> test/syntaxerrors/err9.act@1:8-1:9
     |
   1 | f : [A]
     :        ^
     :        `- unexpected newline
     :           expecting "=>"
     :           
-----+
