Building file src/c.act in project .
  Fresh a: using cached .ty
  Stale b: source changed
  Compiling b.act with Debug
   Finished compilation of b in   0.000 s
  Stale c: iface changes in b 4ed61e7a → d1422048
  Compiling c.act with Debug
   Finished compilation of c in   0.000 s
  Final compilation step
   Finished final compilation step in   0.000 s
