  Stale a: source changed
   Finished type check of  rebuild/a in   0.000 s
  Stale b: source changed
   Finished type check of  rebuild/b in   0.000 s
  Stale c: source changed
   Finished type check of  rebuild/c in   0.000 s
   Finished compilation of rebuild/a in   0.000 s
   Finished compilation of rebuild/b in   0.000 s
   Finished compilation of rebuild/c in   0.000 s
   Finished final compilation step in   0.000 s
