Resolving dependencies (fetching if missing)...
  Stale a: source changed
  Hash deltas a: ~aaa{src 8df17e22 -> c7be204e, pub effe126a -> 4d083345, impl b0284109 -> c398dfc8}
   Finished type check of     rebuild/a     0.000 s
  Stale b: pub changes in a.aaa effe126a → 4d083345 (used by baa)
  Hash deltas b: ~baa{pub abea1a6b -> 18d7ab30, impl 6e08189f -> 474f79bc}
   Finished type check of     rebuild/b     0.000 s
  Stale c: pub changes in b.baa abea1a6b → 18d7ab30 (used by main)
  Hash deltas c: ~main{impl adb3b9a2 -> 11307dd5}
   Finished type check of     rebuild/c     0.000 s
   Finished compilation of    rebuild/a     0.000 s
   Finished compilation of    rebuild/b     0.000 s
   Finished compilation of    rebuild/c     0.000 s
   Finished final compilation               0.000 s
