Resolving dependencies (fetching if missing)...
  Fresh a: using cached .ty
  Stale b: source changed
  Hash deltas b: ~DocInfo{src c1e824d9 -> a9b2749d, impl beff209e -> c401aad0}
   Finished type check of     rebuild/b     0.000 s
  Fresh c: using cached .ty
   Finished compilation of    rebuild/b     0.000 s
   Finished final compilation               0.000 s
