  Stale a: source changed
  Compiling a.act with Debug
   Finished compilation in   0.000 s
  Stale b: iface changes in a df462c35 → 366981bd
  Compiling b.act with Debug
   Finished compilation in   0.000 s
  Stale c: iface changes in b d1422048 → 4bb55265
  Compiling c.act with Debug
   Finished compilation in   0.000 s
  Final compilation step
   Finished final compilation step in   0.000 s
