

== parse: simple ================================
def main ():
    print("Hello parse!")
=================================================



== kinds: simple ================================
T_9w def main () -> T_5w:
    print("Hello parse!")
=================================================



== types: simple ================================
pure def main () -> None:
    print@[(__builtin__.str,)](*("Hello parse!",), sep = None, end = None, err = None, flush = None)
=================================================



== sigs: simple ================================

main : () -> None
================================================



== norm: simple ================================
pure def main () -> None:
    print@[(__builtin__.str,)](("\"Hello parse!\"",), None, None, None, None)
    return None
================================================



== deact: simple ================================
pure def main () -> None:
    print@[(__builtin__.str,)](("\"Hello parse!\"",), None, None, None, None)
    return None
=================================================



== cps: simple ================================
pure def main () -> None:
    print@[(__builtin__.str,)](("\"Hello parse!\"",), None, None, None, None)
    return None
===============================================



== llift: simple ================================
pure def main () -> None:
    print@[(__builtin__.str,)](("\"Hello parse!\"",), None, None, None, None)
    return None
=================================================



== box: simple ================================
pure def main () -> None:
    print@[(__builtin__.str,)](("\"Hello parse!\"",), None, None, None, None)
    return None
===============================================

/* Acton impl hash: fe18afe570a318159f675d5addc7ad43787ab79bfbfca110661bf9349910ea57 */
#pragma once
#include "builtin/builtin.h"
#include "rts/rts.h"
B_NoneType simpleQ_main ();
void simpleQ___init__ ();
