

== parse: simple ================================
def main ():
    print("Hello parse!")
=================================================



== kinds: simple ================================
T_9w def main () -> T_5w:
    print("Hello parse!")
=================================================



== types: simple ================================
pure def main () -> None:
    print@[(__builtin__.str,)](*("Hello parse!",), sep = " ", end = "\\n", err = False, flush = False)
=================================================



== sigs: simple ================================

main : () -> None
================================================



== norm: simple ================================
pure def main () -> None:
    print@[(__builtin__.str,)](("\"Hello parse!\"",), "\" \"", "\"\\n\"", False, False)
    return None
================================================



== deact: simple ================================
pure def main () -> None:
    print@[(__builtin__.str,)](("\"Hello parse!\"",), "\" \"", "\"\\n\"", False, False)
    return None
=================================================



== cps: simple ================================
pure def main () -> None:
    print@[(__builtin__.str,)](("\"Hello parse!\"",), "\" \"", "\"\\n\"", False, False)
    return None
===============================================



== llift: simple ================================
pure def main () -> None:
    print@[(__builtin__.str,)](("\"Hello parse!\"",), "\" \"", "\"\\n\"", False, False)
    return None
=================================================



== box: simple ================================
pure def main () -> None:
    print@[(__builtin__.str,)](("\"Hello parse!\"",), "\" \"", "\"\\n\"", (UNBOX __builtin__.bool False), (UNBOX __builtin__.bool False))
    return None
===============================================

/* Acton impl hash: 570b50a18cca95dc9732fe52b78925d13c38c40f2c73148cdc0b9f18e5ebfe64 */
#pragma once
#include "builtin/builtin.h"
#include "rts/rts.h"
B_NoneType simpleQ_main ();
void simpleQ___init__ ();
