/* Acton impl hash: 570b50a18cca95dc9732fe52b78925d13c38c40f2c73148cdc0b9f18e5ebfe64 */
#include "rts/common.h"
#include "out/types/simple.h"
B_NoneType simpleQ_main () {
    ((B_NoneType (*) (B_tuple, B_str, B_str, bool, bool))B_print)($NEWTUPLE(1, actStrFromCStringLength("Hello parse!", 12)), actStrFromCStringLength(" ", 1), actStrFromCStringLength("\n", 1), false, false);
    return B_None;
}
int simpleQ_done$ = 0;
void simpleQ___init__ () {
    if (simpleQ_done$) return;
    simpleQ_done$ = 1;
}
