/* Acton impl hash: d9f9cff347fdb461e47f52afc75c341b9f014d057f3a2808aecbce8f1e0a05c6 */
#include "rts/common.h"
#include "out/types/simple.h"
B_NoneType simpleQ_main () {
    ((B_NoneType (*) (B_tuple, B_str, B_str, B_bool, B_bool))B_print)($NEWTUPLE(1, to$str("Hello parse!")), B_None, B_None, B_None, B_None);
    return B_None;
}
int simpleQ_done$ = 0;
void simpleQ___init__ () {
    if (simpleQ_done$) return;
    simpleQ_done$ = 1;
}
