/* Acton impl hash: 65ec72c610129bc78de3999f8bb6469528699b692f8037fbd6a46784a34361f6 */
#include "rts/common.h"
#include "out/types/simple.h"
B_NoneType simpleQ_main () {
    ((B_NoneType (*) (B_tuple, B_str, B_str, B_bool, B_bool))B_print)($NEWTUPLE(1, to$str("Hello parse!")), B_None, B_None, B_None, B_None);
    return B_None;
}
int simpleQ_done$ = 0;
void simpleQ___init__ () {
    if (simpleQ_done$) return;
    simpleQ_done$ = 1;
}
