Building file src/c.act in project .
Resolving dependencies (fetching if missing)...
  Fresh a: using cached .tydb
   b  Parse done                                                            0.000 s
  Stale b: source changed
  Hash deltas b: +DocInfo, ~baa{src HASH1 -> HASH2, impl HASH1 -> HASH2}
   b  Type check done                                                       0.000 s
     Non-total inferred signature: baa
       baa : () -> int
     Non-total inferred signature: DocInfo
       class DocInfo (value):
           G_init : () -> None
           get : () -> int
  Stale c: impl changes in b.baa HASH1 → HASH2 (used by main)
     Back normalize done: b                                                 0.000 s
     Back deactorize done: b                                                0.000 s
     Back cps done: b                                                       0.000 s
     Back llift done: b                                                     0.000 s
     Back boxing done: b                                                    0.000 s
     Back codegen done: b                                                   0.000 s
     Back render done: b                                                    0.000 s
     Back write done: b                                                     0.000 s
   b  Compilation done                                                      0.000 s
     Back normalize done: c                                                 0.000 s
     Back deactorize done: c                                                0.000 s
     Back cps done: c                                                       0.000 s
     Back llift done: c                                                     0.000 s
     Back boxing done: c                                                    0.000 s
     Back codegen done: c                                                   0.000 s
     Back render done: c                                                    0.000 s
     Back write done: c                                                     0.000 s
   c  Compilation done                                                      0.000 s
      Final compilation done                                                0.000 s
