Resolving dependencies (fetching if missing)...
  Fresh a: using cached .ty
  Stale b: generated code out of date {impl c missing -> HASH2, h missing -> HASH2}
  Fresh c: using cached .ty
   b  Compilation done                                                      0.000 s
      Final compilation done                                                0.000 s
