Resolving dependencies (fetching if missing)...
  Stale a: source changed
  Hash deltas a: ~aaa{src HASH1 -> HASH2, impl HASH1 -> HASH2}
   Finished type check of     a     0.000 s
  Stale b: impl changes in a.aaa HASH1 → HASH2 (used by baa)
  Stale c: impl changes in b.baa HASH1 → HASH2 (used by main)
   Finished compilation of    a     0.000 s
   Finished compilation of    b     0.000 s
   Finished compilation of    c     0.000 s
   Finished final compilation       0.000 s
