Resolving dependencies (fetching if missing)...
  Stale a: source changed
   a  Type check done                                                       0.000 s
  Stale b: source changed
   b  Type check done                                                       0.000 s
  Stale c: source changed
   c  Type check done                                                       0.000 s
   a  Compilation done                                                      0.000 s
   b  Compilation done                                                      0.000 s
   c  Compilation done                                                      0.000 s
      Final compilation done                                                0.000 s
