Resolving dependencies (fetching if missing)...
   rebuild.a  Parse done                                                               0.000 s
  Stale rebuild.a: source changed
  Hash deltas rebuild.a: ~aaa{src HASH1 -> HASH2, impl HASH1 -> HASH2}
   rebuild.a  Type check done                                                          0.000 s
     Non-total inferred signature: aaa
       aaa : int
  Stale rebuild.b: impl changes in rebuild.a.aaa HASH1 → HASH2 (used by baa)
  Stale rebuild.c: impl changes in rebuild.b.baa HASH1 → HASH2 (used by main)
   rebuild.a  Wrote .tydb                                                              0.000 s
   rebuild.a  Generated docs                                                           0.000 s
     Back normalize done: rebuild.a                                                 0.000 s
     Back deactorize done: rebuild.a                                                0.000 s
     Back cps done: rebuild.a                                                       0.000 s
     Back llift done: rebuild.a                                                     0.000 s
     Back boxing done: rebuild.a                                                    0.000 s
     Back codegen done: rebuild.a                                                   0.000 s
     Back render done: rebuild.a                                                    0.000 s
     Back write done: rebuild.a                                                     0.000 s
   rebuild.a  Compilation done                                                         0.000 s
   rebuild.b  Wrote .tydb                                                              0.000 s
     Back normalize done: rebuild.b                                                 0.000 s
     Back deactorize done: rebuild.b                                                0.000 s
     Back cps done: rebuild.b                                                       0.000 s
     Back llift done: rebuild.b                                                     0.000 s
     Back boxing done: rebuild.b                                                    0.000 s
     Back codegen done: rebuild.b                                                   0.000 s
     Back render done: rebuild.b                                                    0.000 s
     Back write done: rebuild.b                                                     0.000 s
   rebuild.b  Compilation done                                                         0.000 s
   rebuild.c  Wrote .tydb                                                              0.000 s
     Back normalize done: rebuild.c                                                 0.000 s
     Back deactorize done: rebuild.c                                                0.000 s
     Back cps done: rebuild.c                                                       0.000 s
     Back llift done: rebuild.c                                                     0.000 s
     Back boxing done: rebuild.c                                                    0.000 s
     Back codegen done: rebuild.c                                                   0.000 s
     Back render done: rebuild.c                                                    0.000 s
     Back write done: rebuild.c                                                     0.000 s
   rebuild.c  Compilation done                                                         0.000 s
              Final compilation done                                                   0.000 s
