Resolving dependencies (fetching if missing)...
  Fresh a: using cached .ty
  Stale b: source changed
  Hash deltas b: ~DocInfo{src HASH1 -> HASH2, impl HASH1 -> HASH2}
   Finished type check of     b     0.000 s
  Fresh c: using cached .ty
   Finished compilation of    b     0.000 s
   Finished final compilation       0.000 s
