Building file test/syntaxerrors/err2.act using temporary scratch directory
[error Context error]: actor declaration only allowed on the module top level
     +--> err2.act@2:5-2:10
     |
   2 |     actor a():
     :     ^---- 
     :     `- actor declaration only allowed on the module top level
-----+
