Building file test/typeerrors/actor_self_reserved_except_as.act using temporary scratch directory
[error]: 'self' cannot be used as a parameter name in actors.
     +--> actor_self_reserved_except_as.act@4:26-4:30
     |
   4 |     except ValueError as self:
     :                          ^--- 
     :                          `- 'self' cannot be used as a parameter name in actors.
     :
     | Hint: In actors, 'self' is reserved and implicitly available as a reference to the own actor that can be passed to other actors.
-----+
