Building file test/typeerrors/actor_self_reserved_variable.act using temporary scratch directory
[error Compilation error]: 'self' cannot be used as a parameter name in actors.
     +--> actor_self_reserved_variable.act@2:9-2:13
     |
   2 |     var self = 42
     :         ^--- 
     :         `- 'self' cannot be used as a parameter name in actors.
-----+
