Building file test/typeerrors/actor_self_reserved_constructor_param.act using temporary scratch directory
[error Compilation error]: 'self' cannot be used as a parameter name in actors.
     +--> actor_self_reserved_constructor_param.act@1:19-1:23
     |
   1 | actor Test(first, self):
     :                   ^--- 
     :                   `- 'self' cannot be used as a parameter name in actors.
-----+
