Building file test/typeerrors/actor_self_reserved_method_name.act using temporary scratch directory
[error Compilation error]: 'self' cannot be used as a parameter name in actors.
     +--> actor_self_reserved_method_name.act@2:9-2:13
     |
   2 |     def self():
     :         ^--- 
     :         `- 'self' cannot be used as a parameter name in actors.
-----+
