Building file test/typeerrors/ex1.act
  Compiling ex1.act for development
[error]: Incompatible types
     +--> ex1@4:5-4:9
     |
   1 | def f(x,y):
     :     ^ 
     :     `- f is defined here
     :
   4 | a = f(3)
     :     ^---
     :     `- keyword argument(s) 'y' is missing in call to f
-----+
