Building file test/typeerrors/ex11.act using temporary scratch directory
  Compiling ex11.act for development
[error]: Constraint violation
     +--> ex11@4:5-4:11
     |
   1 | def f(s):
     :     ^ 
     :     `- f is defined here
     :
   4 | a = f([8])
     :     ^-----
     :     `- Type incompatibility between definition of and call of f (__builtin__.list[_] must be a subclass of __builtin__.str)
-----+
