Building file test/typeerrors/ex14.act using temporary scratch directory
  Compiling ex14.act for development
[error]: Incompatible types
     +--> ex14@2:12-2:16
     |
   2 |     return g(x)
     :            ^---
     :            `- keyword argument(s) 'y' is missing in call to g
     :
   4 | def g(x,y):
     :     ^ 
     :     `- g is defined here
-----+
