Building file test/typeerrors/ex16.act using temporary scratch directory
  Compiling ex16.act for development
[error]: Constraint violation
     +--> ex16@6:9-6:19
     |
   6 |         foo.append(4)
     :         ^--------- 
     :         `- ?__builtin__.list[__builtin__.int] does not have an attribute append
     :            Hint: you may need to test if foo is not None
-----+
