Building file test/typeerrors/ex20.act using temporary scratch directory
  Compiling ex20.act with Debug
[error]: Constraint violation
     +--> ex20.act@1:1-1:2
     |
   1 |    f : (str,str) -> str
     :    ^ 
     :    `- Type incompatibility between signature for and definition of f (__builtin__.str must be a subclass of __builtin__.int)
     :
   3 | +> def f(s : str, a):
   4 | |>     return s * a
     : | 
     : `- f is defined here
-----+
