Building file test/typeerrors/ex21.act using temporary scratch directory
  Compiling ex21.act with Debug
[error]: Constraint violation
     +--> ex21.act@4:10-4:25
     |
   4 |    print(math.sin("hej"))
     :          ^-------------- 
     :          `- The type of the indicated expression (inferred to be __builtin__.str) must be a subclass of __builtin__.float
-----+
