Building file test/typeerrors/ex22.act using temporary scratch directory
  Compiling ex22.act for development
[error]: Incompatible types
     +--> ex22@1:1-1:2
     |
   1 |    f : [A(Plus)] => (A) -> A
     :    ^ 
     :    `- too few argument(s) in call to f
     :
   3 | +> def f(x,y):
   4 | |>     return x
     : | 
     : `- f is defined here
-----+
