Building file test/typeerrors/ex4.act
  Compiling ex4.act for development
[error]: Incompatible types
     +--> ex4@5:22-5:26
     |
   1 | def f(x,y):
     :     ^ 
     :     `- f is defined here
     :
   5 |     print("a".center(f(3)))
     :                      ^--- 
     :                      `- keyword argument(s) 'y' is missing in call to f
-----+
