Building file test/typeerrors/ex5.act using temporary scratch directory
[error]: Incompatible types
     +--> ex5.act@7:5-7:15
     |
   4 | def apply(g,x):
     :     ^---- 
     :     `- apply is defined here
     :
   7 | a = apply(f,3)
     :     ^---------
     :     `- keyword argument(s) 'y' is missing in call to apply
-----+
