Building file test/typeerrors/ex5.act
  Compiling ex5.act for development
[error]: Incompatible types
     +--> ex5@7:5-7:15
     |
   4 | def apply(g,x):
     :     ^---- 
     :     `- apply is defined here
     :
   7 | a = apply(f,3)
     :     ^---------
     :     `- keyword argument(s) 'y' is missing in call to apply
-----+
