Building file test/typeerrors/funargs5.act using temporary scratch directory
  Compiling funargs5.act for development
[error]: Incompatible types
     +--> funargs5.act@4:5-4:15
     |
   1 | def f(x,y,*z,w):
     :     ^ 
     :     `- f is defined here
     :
   4 | a = f(3,4,5,6)
     :     ^---------
     :     `- keyword argument(s) 'w' is missing in call to f
-----+
