Building file test/typeerrors/funargs3.act using temporary scratch directory
[error Parse error]: unexpected '4'
                     expecting "**" or closing ')'

     +--> test/typeerrors/funargs3.act@4:11-4:12
     |
   4 | a = f(x=3,4)
     :           ^ 
     :           `- unexpected '4'
     :              expecting "**" or closing ')'
     :              
-----+
