Building file test/typeerrors/funargs6.act using temporary scratch directory
  Compiling funargs6.act with Debug
[error]: Incompatible types
     +--> funargs6.act@4:5-4:13
     |
   1 | def f(x,y,*z,w):
     :     ^ 
     :     `- f is defined here
     :
   4 | a = f(3,w=6)
     :     ^-------
     :     `- too few argument(s) in call to f
-----+
