/* Acton impl hash: f6291db50d287ffe6b9c51a8c6e1060de4256bedda579a39c18f2e9f142afca5 */
#include "rts/common.h"
#include "out/types/simple.h"
B_NoneType simpleQ_main () {
    ((B_NoneType (*) (B_tuple, B_str, B_str, B_bool, B_bool))B_print)($NEWTUPLE(1, to$str("Hello parse!")), B_None, B_None, B_None, B_None);
    return B_None;
}
int simpleQ_done$ = 0;
void simpleQ___init__ () {
    if (simpleQ_done$) return;
    simpleQ_done$ = 1;
}
