

== parse: simple ================================

def main ():
    print("Hello parse!")
=================================================



== kinds: simple ================================

T_9w def main () -> T_5w:
    print("Hello parse!")
=================================================



== types: simple ================================

pure def main () -> None:
    print@[(__builtin__.str,)](*("Hello parse!",), sep = None, end = None, err = None, flush = None)
=================================================



== sigs: simple ================================

main : () -> None
================================================



== norm: simple ================================

pure def main () -> None:
    print@[(__builtin__.str,)](("\"Hello parse!\"",), None, None, None, None)
    return None
================================================



== deact: simple ================================

pure def main () -> None:
    print@[(__builtin__.str,)](("\"Hello parse!\"",), None, None, None, None)
    return None
=================================================



== cps: simple ================================

pure def main () -> None:
    print@[(__builtin__.str,)](("\"Hello parse!\"",), None, None, None, None)
    return None
===============================================



== llift: simple ================================

pure def main () -> None:
    print@[(__builtin__.str,)](("\"Hello parse!\"",), None, None, None, None)
    return None
=================================================



== box: simple ================================

pure def main () -> None:
    print@[(__builtin__.str,)](("\"Hello parse!\"",), None, None, None, None)
    return None
===============================================

/* Acton impl hash: 65ec72c610129bc78de3999f8bb6469528699b692f8037fbd6a46784a34361f6 */
#pragma once
#include "builtin/builtin.h"
#include "rts/rts.h"
B_NoneType simpleQ_main ();
void simpleQ___init__ ();
